Command line invocation:
    /Applications/Xcode.app/Contents/Developer/usr/bin/xcodebuild test -project Lumo.xcodeproj -scheme Lumo -destination "platform=iOS Simulator,name=iPhone 16,OS=latest"

ComputePackagePrebuildTargetDependencyGraph

Prepare packages

CreateBuildRequest

SendProjectDescription

CreateBuildOperation

ComputeTargetDependencyGraph
note: Building targets in dependency order
note: Target dependency graph (3 targets)
    Target 'LumoUITests' in project 'Lumo'
        ➜ Explicit dependency on target 'Lumo' in project 'Lumo'
    Target 'LumoTests' in project 'Lumo'
        ➜ Explicit dependency on target 'Lumo' in project 'Lumo'
    Target 'Lumo' in project 'Lumo' (no dependencies)

GatherProvisioningInputs

CreateBuildDescription

ExecuteExternalTool /Applications/Xcode.app/Contents/Developer/Toolchains/XcodeDefault.xctoolchain/usr/bin/swiftc --version

ExecuteExternalTool /Applications/Xcode.app/Contents/Developer/Toolchains/XcodeDefault.xctoolchain/usr/bin/clang -v -E -dM -isysroot /Applications/Xcode.app/Contents/Developer/Platforms/iPhoneSimulator.platform/Developer/SDKs/iPhoneSimulator18.5.sdk -x c -c /dev/null

ExecuteExternalTool /Applications/Xcode.app/Contents/Developer/usr/bin/actool --print-asset-tag-combinations --output-format xml1 /Users/ethanzhang/Desktop/lumo/Lumo/Preview Content/Preview Assets.xcassets /Users/ethanzhang/Desktop/lumo/Lumo/Assets.xcassets

ExecuteExternalTool /Applications/Xcode.app/Contents/Developer/Toolchains/XcodeDefault.xctoolchain/usr/bin/ld -version_details

ExecuteExternalTool /Applications/Xcode.app/Contents/Developer/usr/bin/actool --version --output-format xml1

Build description signature: 82194f3bcf24b54a208e7cbe5e6b881f
Build description path: /Users/ethanzhang/Library/Developer/Xcode/DerivedData/Lumo-dtanwbtidvymrfcnqjacqjqbrhak/Build/Intermediates.noindex/XCBuildData/82194f3bcf24b54a208e7cbe5e6b881f.xcbuilddata
ClangStatCache /Applications/Xcode.app/Contents/Developer/Toolchains/XcodeDefault.xctoolchain/usr/bin/clang-stat-cache /Applications/Xcode.app/Contents/Developer/Platforms/iPhoneSimulator.platform/Developer/SDKs/iPhoneSimulator18.5.sdk /Users/ethanzhang/Library/Developer/Xcode/DerivedData/SDKStatCaches.noindex/iphonesimulator18.5-22F76-d5fc8ad4295d2ef488fb7d0f804ce0c4.sdkstatcache
    cd /Users/ethanzhang/Desktop/lumo/Lumo.xcodeproj
    /Applications/Xcode.app/Contents/Developer/Toolchains/XcodeDefault.xctoolchain/usr/bin/clang-stat-cache /Applications/Xcode.app/Contents/Developer/Platforms/iPhoneSimulator.platform/Developer/SDKs/iPhoneSimulator18.5.sdk -o /Users/ethanzhang/Library/Developer/Xcode/DerivedData/SDKStatCaches.noindex/iphonesimulator18.5-22F76-d5fc8ad4295d2ef488fb7d0f804ce0c4.sdkstatcache

note: Disabling hardened runtime with ad-hoc codesigning. (in target 'Lumo' from project 'Lumo')
warning: Skipping duplicate build file in Compile Sources build phase: /Users/ethanzhang/Desktop/lumo/Lumo/Preview Content/Preview Assets.xcassets (in target 'Lumo' from project 'Lumo')
ProcessInfoPlistFile /Users/ethanzhang/Library/Developer/Xcode/DerivedData/Lumo-dtanwbtidvymrfcnqjacqjqbrhak/Build/Products/Debug-iphonesimulator/Lumo.app/Info.plist /Users/ethanzhang/Library/Developer/Xcode/DerivedData/Lumo-dtanwbtidvymrfcnqjacqjqbrhak/Build/Intermediates.noindex/Lumo.build/Debug-iphonesimulator/Lumo.build/empty-Lumo.plist (in target 'Lumo' from project 'Lumo')
    cd /Users/ethanzhang/Desktop/lumo
    builtin-infoPlistUtility /Users/ethanzhang/Library/Developer/Xcode/DerivedData/Lumo-dtanwbtidvymrfcnqjacqjqbrhak/Build/Intermediates.noindex/Lumo.build/Debug-iphonesimulator/Lumo.build/empty-Lumo.plist -producttype com.apple.product-type.application -genpkginfo /Users/ethanzhang/Library/Developer/Xcode/DerivedData/Lumo-dtanwbtidvymrfcnqjacqjqbrhak/Build/Products/Debug-iphonesimulator/Lumo.app/PkgInfo -expandbuildsettings -format binary -platform iphonesimulator -additionalcontentfile /Users/ethanzhang/Library/Developer/Xcode/DerivedData/Lumo-dtanwbtidvymrfcnqjacqjqbrhak/Build/Intermediates.noindex/Lumo.build/Debug-iphonesimulator/Lumo.build/assetcatalog_generated_info.plist -o /Users/ethanzhang/Library/Developer/Xcode/DerivedData/Lumo-dtanwbtidvymrfcnqjacqjqbrhak/Build/Products/Debug-iphonesimulator/Lumo.app/Info.plist

CopySwiftLibs /Users/ethanzhang/Library/Developer/Xcode/DerivedData/Lumo-dtanwbtidvymrfcnqjacqjqbrhak/Build/Products/Debug-iphonesimulator/Lumo.app (in target 'Lumo' from project 'Lumo')
    cd /Users/ethanzhang/Desktop/lumo
    builtin-swiftStdLibTool --copy --verbose --sign - --scan-executable /Users/ethanzhang/Library/Developer/Xcode/DerivedData/Lumo-dtanwbtidvymrfcnqjacqjqbrhak/Build/Products/Debug-iphonesimulator/Lumo.app/Lumo.debug.dylib --scan-folder /Users/ethanzhang/Library/Developer/Xcode/DerivedData/Lumo-dtanwbtidvymrfcnqjacqjqbrhak/Build/Products/Debug-iphonesimulator/Lumo.app/Frameworks --scan-folder /Users/ethanzhang/Library/Developer/Xcode/DerivedData/Lumo-dtanwbtidvymrfcnqjacqjqbrhak/Build/Products/Debug-iphonesimulator/Lumo.app/PlugIns --scan-folder /Users/ethanzhang/Library/Developer/Xcode/DerivedData/Lumo-dtanwbtidvymrfcnqjacqjqbrhak/Build/Products/Debug-iphonesimulator/Lumo.app/SystemExtensions --scan-folder /Users/ethanzhang/Library/Developer/Xcode/DerivedData/Lumo-dtanwbtidvymrfcnqjacqjqbrhak/Build/Products/Debug-iphonesimulator/Lumo.app/Extensions --platform iphonesimulator --toolchain /Applications/Xcode.app/Contents/Developer/Toolchains/XcodeDefault.xctoolchain --destination /Users/ethanzhang/Library/Developer/Xcode/DerivedData/Lumo-dtanwbtidvymrfcnqjacqjqbrhak/Build/Products/Debug-iphonesimulator/Lumo.app/Frameworks --strip-bitcode --strip-bitcode-tool /Applications/Xcode.app/Contents/Developer/Toolchains/XcodeDefault.xctoolchain/usr/bin/bitcode_strip --emit-dependency-info /Users/ethanzhang/Library/Developer/Xcode/DerivedData/Lumo-dtanwbtidvymrfcnqjacqjqbrhak/Build/Intermediates.noindex/Lumo.build/Debug-iphonesimulator/Lumo.build/SwiftStdLibToolInputDependencies.dep --filter-for-swift-os

ProcessInfoPlistFile /Users/ethanzhang/Library/Developer/Xcode/DerivedData/Lumo-dtanwbtidvymrfcnqjacqjqbrhak/Build/Products/Debug-iphonesimulator/Lumo.app/PlugIns/LumoTests.xctest/Info.plist /Users/ethanzhang/Library/Developer/Xcode/DerivedData/Lumo-dtanwbtidvymrfcnqjacqjqbrhak/Build/Intermediates.noindex/Lumo.build/Debug-iphonesimulator/LumoTests.build/empty-LumoTests.plist (in target 'LumoTests' from project 'Lumo')
    cd /Users/ethanzhang/Desktop/lumo
    builtin-infoPlistUtility /Users/ethanzhang/Library/Developer/Xcode/DerivedData/Lumo-dtanwbtidvymrfcnqjacqjqbrhak/Build/Intermediates.noindex/Lumo.build/Debug-iphonesimulator/LumoTests.build/empty-LumoTests.plist -producttype com.apple.product-type.bundle.unit-test -expandbuildsettings -format binary -platform iphonesimulator -o /Users/ethanzhang/Library/Developer/Xcode/DerivedData/Lumo-dtanwbtidvymrfcnqjacqjqbrhak/Build/Products/Debug-iphonesimulator/Lumo.app/PlugIns/LumoTests.xctest/Info.plist

CopySwiftLibs /Users/ethanzhang/Library/Developer/Xcode/DerivedData/Lumo-dtanwbtidvymrfcnqjacqjqbrhak/Build/Products/Debug-iphonesimulator/Lumo.app/PlugIns/LumoTests.xctest (in target 'LumoTests' from project 'Lumo')
    cd /Users/ethanzhang/Desktop/lumo
    builtin-swiftStdLibTool --copy --verbose --sign - --scan-executable /Users/ethanzhang/Library/Developer/Xcode/DerivedData/Lumo-dtanwbtidvymrfcnqjacqjqbrhak/Build/Products/Debug-iphonesimulator/Lumo.app/PlugIns/LumoTests.xctest/LumoTests --scan-folder /Users/ethanzhang/Library/Developer/Xcode/DerivedData/Lumo-dtanwbtidvymrfcnqjacqjqbrhak/Build/Products/Debug-iphonesimulator/Lumo.app/PlugIns/LumoTests.xctest/Frameworks --scan-folder /Users/ethanzhang/Library/Developer/Xcode/DerivedData/Lumo-dtanwbtidvymrfcnqjacqjqbrhak/Build/Products/Debug-iphonesimulator/Lumo.app/PlugIns/LumoTests.xctest/PlugIns --scan-folder /Users/ethanzhang/Library/Developer/Xcode/DerivedData/Lumo-dtanwbtidvymrfcnqjacqjqbrhak/Build/Products/Debug-iphonesimulator/Lumo.app/PlugIns/LumoTests.xctest/SystemExtensions --scan-folder /Users/ethanzhang/Library/Developer/Xcode/DerivedData/Lumo-dtanwbtidvymrfcnqjacqjqbrhak/Build/Products/Debug-iphonesimulator/Lumo.app/PlugIns/LumoTests.xctest/Extensions --platform iphonesimulator --toolchain /Applications/Xcode.app/Contents/Developer/Toolchains/XcodeDefault.xctoolchain --destination /Users/ethanzhang/Library/Developer/Xcode/DerivedData/Lumo-dtanwbtidvymrfcnqjacqjqbrhak/Build/Products/Debug-iphonesimulator/Lumo.app/PlugIns/LumoTests.xctest/Frameworks --strip-bitcode --scan-executable /Applications/Xcode.app/Contents/Developer/Platforms/iPhoneSimulator.platform/Developer/usr/lib/libXCTestSwiftSupport.dylib --strip-bitcode-tool /Applications/Xcode.app/Contents/Developer/Toolchains/XcodeDefault.xctoolchain/usr/bin/bitcode_strip --emit-dependency-info /Users/ethanzhang/Library/Developer/Xcode/DerivedData/Lumo-dtanwbtidvymrfcnqjacqjqbrhak/Build/Intermediates.noindex/Lumo.build/Debug-iphonesimulator/LumoTests.build/SwiftStdLibToolInputDependencies.dep --filter-for-swift-os

CodeSign /Users/ethanzhang/Library/Developer/Xcode/DerivedData/Lumo-dtanwbtidvymrfcnqjacqjqbrhak/Build/Products/Debug-iphonesimulator/Lumo.app/Lumo.debug.dylib (in target 'Lumo' from project 'Lumo')
    cd /Users/ethanzhang/Desktop/lumo
    
    Signing Identity:     "Sign to Run Locally"
    
    /usr/bin/codesign --force --sign - --timestamp\=none --generate-entitlement-der /Users/ethanzhang/Library/Developer/Xcode/DerivedData/Lumo-dtanwbtidvymrfcnqjacqjqbrhak/Build/Products/Debug-iphonesimulator/Lumo.app/Lumo.debug.dylib
/Users/ethanzhang/Library/Developer/Xcode/DerivedData/Lumo-dtanwbtidvymrfcnqjacqjqbrhak/Build/Products/Debug-iphonesimulator/Lumo.app/Lumo.debug.dylib: replacing existing signature

CodeSign /Users/ethanzhang/Library/Developer/Xcode/DerivedData/Lumo-dtanwbtidvymrfcnqjacqjqbrhak/Build/Products/Debug-iphonesimulator/Lumo.app/__preview.dylib (in target 'Lumo' from project 'Lumo')
    cd /Users/ethanzhang/Desktop/lumo
    
    Signing Identity:     "Sign to Run Locally"
    
    /usr/bin/codesign --force --sign - --timestamp\=none --generate-entitlement-der /Users/ethanzhang/Library/Developer/Xcode/DerivedData/Lumo-dtanwbtidvymrfcnqjacqjqbrhak/Build/Products/Debug-iphonesimulator/Lumo.app/__preview.dylib
/Users/ethanzhang/Library/Developer/Xcode/DerivedData/Lumo-dtanwbtidvymrfcnqjacqjqbrhak/Build/Products/Debug-iphonesimulator/Lumo.app/__preview.dylib: replacing existing signature

CodeSign /Users/ethanzhang/Library/Developer/Xcode/DerivedData/Lumo-dtanwbtidvymrfcnqjacqjqbrhak/Build/Products/Debug-iphonesimulator/Lumo.app (in target 'Lumo' from project 'Lumo')
    cd /Users/ethanzhang/Desktop/lumo
    
    Signing Identity:     "Sign to Run Locally"
    
    /usr/bin/codesign --force --sign - --entitlements /Users/ethanzhang/Library/Developer/Xcode/DerivedData/Lumo-dtanwbtidvymrfcnqjacqjqbrhak/Build/Intermediates.noindex/Lumo.build/Debug-iphonesimulator/Lumo.build/Lumo.app.xcent --timestamp\=none --generate-entitlement-der /Users/ethanzhang/Library/Developer/Xcode/DerivedData/Lumo-dtanwbtidvymrfcnqjacqjqbrhak/Build/Products/Debug-iphonesimulator/Lumo.app
/Users/ethanzhang/Library/Developer/Xcode/DerivedData/Lumo-dtanwbtidvymrfcnqjacqjqbrhak/Build/Products/Debug-iphonesimulator/Lumo.app: replacing existing signature

Validate /Users/ethanzhang/Library/Developer/Xcode/DerivedData/Lumo-dtanwbtidvymrfcnqjacqjqbrhak/Build/Products/Debug-iphonesimulator/Lumo.app (in target 'Lumo' from project 'Lumo')
    cd /Users/ethanzhang/Desktop/lumo
    builtin-validationUtility /Users/ethanzhang/Library/Developer/Xcode/DerivedData/Lumo-dtanwbtidvymrfcnqjacqjqbrhak/Build/Products/Debug-iphonesimulator/Lumo.app -infoplist-subpath Info.plist

ProcessInfoPlistFile /Users/ethanzhang/Library/Developer/Xcode/DerivedData/Lumo-dtanwbtidvymrfcnqjacqjqbrhak/Build/Products/Debug-iphonesimulator/LumoUITests-Runner.app/PlugIns/LumoUITests.xctest/Info.plist /Users/ethanzhang/Library/Developer/Xcode/DerivedData/Lumo-dtanwbtidvymrfcnqjacqjqbrhak/Build/Intermediates.noindex/Lumo.build/Debug-iphonesimulator/LumoUITests.build/empty-LumoUITests.plist (in target 'LumoUITests' from project 'Lumo')
    cd /Users/ethanzhang/Desktop/lumo
    builtin-infoPlistUtility /Users/ethanzhang/Library/Developer/Xcode/DerivedData/Lumo-dtanwbtidvymrfcnqjacqjqbrhak/Build/Intermediates.noindex/Lumo.build/Debug-iphonesimulator/LumoUITests.build/empty-LumoUITests.plist -producttype com.apple.product-type.bundle.ui-testing -expandbuildsettings -format binary -platform iphonesimulator -additionalcontentfile /Users/ethanzhang/Library/Developer/Xcode/DerivedData/Lumo-dtanwbtidvymrfcnqjacqjqbrhak/Build/Intermediates.noindex/Lumo.build/Debug-iphonesimulator/LumoUITests.build/ProductTypeInfoPlistAdditions.plist -o /Users/ethanzhang/Library/Developer/Xcode/DerivedData/Lumo-dtanwbtidvymrfcnqjacqjqbrhak/Build/Products/Debug-iphonesimulator/LumoUITests-Runner.app/PlugIns/LumoUITests.xctest/Info.plist

CopySwiftLibs /Users/ethanzhang/Library/Developer/Xcode/DerivedData/Lumo-dtanwbtidvymrfcnqjacqjqbrhak/Build/Products/Debug-iphonesimulator/LumoUITests-Runner.app/PlugIns/LumoUITests.xctest (in target 'LumoUITests' from project 'Lumo')
    cd /Users/ethanzhang/Desktop/lumo
    builtin-swiftStdLibTool --copy --verbose --sign - --scan-executable /Users/ethanzhang/Library/Developer/Xcode/DerivedData/Lumo-dtanwbtidvymrfcnqjacqjqbrhak/Build/Products/Debug-iphonesimulator/LumoUITests-Runner.app/PlugIns/LumoUITests.xctest/LumoUITests --scan-folder /Users/ethanzhang/Library/Developer/Xcode/DerivedData/Lumo-dtanwbtidvymrfcnqjacqjqbrhak/Build/Products/Debug-iphonesimulator/LumoUITests-Runner.app/PlugIns/LumoUITests.xctest/Frameworks --scan-folder /Users/ethanzhang/Library/Developer/Xcode/DerivedData/Lumo-dtanwbtidvymrfcnqjacqjqbrhak/Build/Products/Debug-iphonesimulator/LumoUITests-Runner.app/PlugIns/LumoUITests.xctest/PlugIns --scan-folder /Users/ethanzhang/Library/Developer/Xcode/DerivedData/Lumo-dtanwbtidvymrfcnqjacqjqbrhak/Build/Products/Debug-iphonesimulator/LumoUITests-Runner.app/PlugIns/LumoUITests.xctest/SystemExtensions --scan-folder /Users/ethanzhang/Library/Developer/Xcode/DerivedData/Lumo-dtanwbtidvymrfcnqjacqjqbrhak/Build/Products/Debug-iphonesimulator/LumoUITests-Runner.app/PlugIns/LumoUITests.xctest/Extensions --platform iphonesimulator --toolchain /Applications/Xcode.app/Contents/Developer/Toolchains/XcodeDefault.xctoolchain --destination /Users/ethanzhang/Library/Developer/Xcode/DerivedData/Lumo-dtanwbtidvymrfcnqjacqjqbrhak/Build/Products/Debug-iphonesimulator/LumoUITests-Runner.app/PlugIns/LumoUITests.xctest/Frameworks --strip-bitcode --scan-executable /Applications/Xcode.app/Contents/Developer/Platforms/iPhoneSimulator.platform/Developer/usr/lib/libXCTestSwiftSupport.dylib --strip-bitcode-tool /Applications/Xcode.app/Contents/Developer/Toolchains/XcodeDefault.xctoolchain/usr/bin/bitcode_strip --emit-dependency-info /Users/ethanzhang/Library/Developer/Xcode/DerivedData/Lumo-dtanwbtidvymrfcnqjacqjqbrhak/Build/Intermediates.noindex/Lumo.build/Debug-iphonesimulator/LumoUITests.build/SwiftStdLibToolInputDependencies.dep --filter-for-swift-os

